// Jest Snapshot v1, https://goo.gl/fbAQLP

exports[`PersonItem should render correctly 1`] = `
<div>
  <div
    role="listitem"
  >
    <a
      class="v-list__tile v-list__tile--link v-list__tile--avatar theme--light"
    >
      <div
        class="v-list__tile__content"
      >
        <div
          class="v-list__tile__title"
        >
          Raju Gandhi
        </div>
      </div>
       
      <div
        class="v-list__tile__action"
      >
        <i
          aria-hidden="true"
          class="v-icon material-icons theme--light red--text"
        >
          favorite
        </i>
      </div>
    </a>
  </div>
   
  <hr
    class="v-divider theme--light"
  />
</div>
`;
